Microchip MPLAB XC8 Compiler V1.34 ()

Linker command line:

--edf=C:\Program Files (x86)\Microchip\xc8\v1.34\dat\en_msgs.txt -cs \
  -h+dist/default/production\pipower.X.production.sym \
  --cmf=dist/default/production\pipower.X.production.cmf -z -Q12F629 \
  -oC:\Users\pcb\AppData\Local\Temp\s46g.6 \
  -Mdist/default/production/pipower.X.production.map -E1 -ver=XC8 \
  -ASTACK=025h-05dh -pstack=STACK -ACODE=00h-03FEh -ASTRCODE=00h-03FEh \
  -ASTRING=00h-0FFhx3,0300h-03FEh -ACONST=00h-0FFhx3,0300h-03FEh \
  -AENTRY=00h-0FFhx3,0300h-03FEh -ABANK0=020h-05Dh -ARAM=020h-05Dh \
  -AABS1=020h-05Fh -ACOMMON=05Eh-05Fh -ASFR0=00h-01Fh -ASFR1=080h-0DDh \
  -preset_vec=00h,intentry,init,end_init -ppowerup=CODE -pcinit=CODE \
  -pfunctab=CODE -ACONFIG=02007h-02007h -pconfig=CONFIG -DCONFIG=2 \
  -AIDLOC=02000h-02003h -pidloc=IDLOC -DIDLOC=2 -AEEDATA=00h-07Fh/02100h \
  -peeprom_data=EEDATA -DEEDATA=2 -posccal=03FFh -DCODE=2 -DSTRCODE=2 \
  -DSTRING=2 -DCONST=2 -DENTRY=2 -k \
  C:\Users\pcb\AppData\Local\Temp\s46g.obj \
  dist/default/production\pipower.X.production.obj 

Object code version is 3.11

Machine type is 12F629



                Name                               Link     Load   Length Selector   Space Scale
C:\Users\pcb\AppData\Local\Temp\s46g.obj
                end_init                              0        0        5        0       0
                config                             2007     2007        1     400E       0
dist/default/production\pipower.X.production.obj
                cinit                               3FD      3FD        2      7FA       0
                text3                               3B0      3B0       16      760       0
                text2                               39A      39A        8      734       0
                text1                               3C6      3C6       37      78C       0
                maintext                            3A2      3A2        E      744       0
                cstackBANK0                          20       20        5       20       1

TOTAL           Name                               Link     Load   Length     Space
        CLASS   STACK          

        CLASS   CODE           
                end_init                              0        0        5         0
                cinit                               3FD      3FD        2         0
                text3                               3B0      3B0       16         0
                text2                               39A      39A        8         0
                text1                               3C6      3C6       37         0
                maintext                            3A2      3A2        E         0

        CLASS   STRCODE        

        CLASS   STRING         

        CLASS   CONST          

        CLASS   ENTRY          

        CLASS   BANK0          
                cstackBANK0                          20       20        5         1

        CLASS   RAM            

        CLASS   ABS1           
                abs_s1                               5E       5E        2         1

        CLASS   COMMON         

        CLASS   SFR0           

        CLASS   SFR1           

        CLASS   CONFIG         
                config                             2007     2007        1         0

        CLASS   IDLOC          

        CLASS   EEDATA         

        CLASS   BANK1          



SEGMENTS        Name                           Load    Length   Top    Selector   Space  Class     Delta

                reset_vec                      000000  000005  000005         0       0  CODE        2
                cstackBANK0                    000020  000005  000025        20       1  BANK0       1
                text2                          00039A  000008  0003A2       734       0  CODE        2
                maintext                       0003A2  00000E  0003B0       744       0  CODE        2
                text3                          0003B0  000016  0003C6       760       0  CODE        2
                text1                          0003C6  000037  0003FD       78C       0  CODE        2
                cinit                          0003FD  000002  0003FF       7FA       0  CODE        2
                config                         002007  000001  002008      400E       0  CONFIG      2


UNUSED ADDRESS RANGES

        Name                Unused          Largest block    Delta
        BANK0            0025-005D             39           1
        CODE             0005-0399            395           2
        CONST            0005-0399            100           2
        EEDATA           2100-217F             80           2
        ENTRY            0005-0399            100           2
        IDLOC            2000-2003              4           2
        RAM              0025-005D             39           1
        SFR0             0000-001F             20           1
        SFR1             0080-00DD             5E           1
        STACK            0025-005D             39           1
        STRCODE          0005-0399            395           2
        STRING           0005-0399            100           2

                                  Symbol Table

_CMCON                   (abs)        0019
_GP0                     (abs)        0028
_GP1                     (abs)        0029
_GP2                     (abs)        002A
_GP3                     (abs)        002B
_GP5                     (abs)        002D
_TRISIO0                 (abs)        0428
_TRISIO1                 (abs)        0429
_TRISIO2                 (abs)        042A
_TRISIO3                 (abs)        042B
_TRISIO4                 (abs)        042C
_TRISIO5                 (abs)        042D
__CFG_BOREN$ON           (abs)        0000
__CFG_CP$OFF             (abs)        0000
__CFG_CPD$OFF            (abs)        0000
__CFG_FOSC$INTRCIO       (abs)        0000
__CFG_MCLRE$OFF          (abs)        0000
__CFG_PWRTE$OFF          (abs)        0000
__CFG_WDTE$OFF           (abs)        0000
__Habs1                  abs1         07FE
__Hbank0                 bank0        07FE
__Hbank1                 bank1        07FE
__Hcinit                 cinit        03FF
__Hclrtext               clrtext      07FE
__Hcode                  code         07FE
__Hcommon                common       07FE
__Hconfig                config       2008
__HcstackBANK0           cstackBANK0  07FE
__HcstackCOMMON          cstackCOMMON 07FE
__Heeprom_data           eeprom_data  0000
__Hend_init              end_init     0005
__Hfunctab               functab      0000
__Hidloc                 idloc        0000
__Hinit                  init         0000
__Hintentry              intentry     0000
__Hmaintext              maintext     07FE
__Hosccal                osccal       03FF
__Hpowerup               powerup      0000
__Hram                   ram          07FE
__Hreset_vec             reset_vec    0000
__Hsfr0                  sfr0         07FE
__Hsfr1                  sfr1         07FE
__Hspace_0               (abs)        2008
__Hspace_1               (abs)        07FE
__Hspace_2               (abs)        0000
__Hspace_3               (abs)        0000
__Hstack                 stack        0000
__Hstrings               strings      07FE
__Htext                  text         07FE
__Labs1                  abs1         07FE
__Lbank0                 bank0        07FE
__Lbank1                 bank1        07FE
__Lcinit                 cinit        03FD
__Lclrtext               clrtext      07FE
__Lcode                  code         07FE
__Lcommon                common       07FE
__Lconfig                config       2007
__LcstackBANK0           cstackBANK0  07FE
__LcstackCOMMON          cstackCOMMON 07FE
__Leeprom_data           eeprom_data  0000
__Lend_init              end_init     0000
__Lfunctab               functab      0000
__Lidloc                 idloc        0000
__Linit                  init         0000
__Lintentry              intentry     0000
__Lmaintext              maintext     07FE
__Losccal                osccal       03FF
__Lpowerup               powerup      0000
__Lram                   ram          07FE
__Lreset_vec             reset_vec    0000
__Lsfr0                  sfr0         07FE
__Lsfr1                  sfr1         07FE
__Lspace_0               (abs)        0000
__Lspace_1               (abs)        0000
__Lspace_2               (abs)        0000
__Lspace_3               (abs)        0000
__Lstack                 stack        0000
__Lstrings               strings      07FE
__Ltext                  text         07FE
__S0                     (abs)        2008
__S1                     (abs)        0025
__S2                     (abs)        0000
__S3                     (abs)        0000
___int_sp                stack        0000
___latbits               (abs)        0000
___osccal_val            osccal       03FF
___sp                    stack        0000
__end_of__initialization cinit        03FD
__end_of_main            maintext     03B0
__end_of_marcha          text3        03C6
__end_of_parada          text2        03A2
__end_of_parant          text1        03FD
__initialization         cinit        03FD
__pcstackBANK0           cstackBANK0  0020
__pcstackCOMMON          cstackCOMMON 0000
__pmaintext              maintext     03A2
__ptext0                 text0        0000
__ptext1                 text1        03C6
__ptext2                 text2        039A
__ptext3                 text3        03B0
__size_of_main           (abs)        0000
__size_of_marcha         (abs)        0000
__size_of_parada         (abs)        0000
__size_of_parant         (abs)        0000
_main                    maintext     03A2
_marcha                  text3        03B0
_parada                  text2        039A
_parant                  text1        03C6
btemp                    (abs)        005E
end_of_initialization    cinit        03FD
intlevel0                functab      0000
intlevel1                functab      0000
intlevel2                functab      0000
intlevel3                functab      0000
intlevel4                functab      0000
intlevel5                functab      0000
ltemp                    (abs)        005E
ltemp0                   (abs)        005E
ltemp1                   (abs)        0062
ltemp2                   (abs)        0066
ltemp3                   (abs)        0060
parant@i                 cstackBANK0  0023
reset_vec                reset_vec    0000
stackhi                  (abs)        0000
stacklo                  (abs)        0000
start                    init         0000
start_initialization     cinit        03FD
ttemp                    (abs)        005E
ttemp0                   (abs)        005E
ttemp1                   (abs)        0061
ttemp2                   (abs)        0064
ttemp3                   (abs)        0067
ttemp4                   (abs)        005F
wtemp                    (abs)        005E
wtemp0                   (abs)        005E
wtemp1                   (abs)        0060
wtemp2                   (abs)        0062
wtemp3                   (abs)        0064
wtemp4                   (abs)        0066
wtemp5                   (abs)        0068
wtemp6                   (abs)        005F


FUNCTION INFORMATION:

 *************** function _main *****************
 Defined at:
		line 40 in file "pipower.c"
 Parameters:    Size  Location     Type
		None
 Auto vars:     Size  Location     Type
		None
 Return value:  Size  Location     Type
		None               void
 Registers used:
		wreg, status,2, status,0, btemp+1, pclath, cstack
 Tracked objects:
		On entry : 
		On exit  : 
		Unchanged: 
 Data sizes:     COMMON   BANK0
      Params:         0       0
      Locals:         0       0
      Temps:          0       0
      Totals:         0       0
Total ram usage:        0 bytes
 Hardware stack levels required when called:    1
 This function calls:
		_marcha
		_parada
		_parant
 This function is called by:
		Startup code after reset
 This function uses a non-reentrant model


 *************** function _parant *****************
 Defined at:
		line 80 in file "pipower.c"
 Parameters:    Size  Location     Type
		None
 Auto vars:     Size  Location     Type
  i               2    3[BANK0 ] int 
 Return value:  Size  Location     Type
		None               void
 Registers used:
		wreg, status,2, btemp+1
 Tracked objects:
		On entry : 
		On exit  : 
		Unchanged: 
 Data sizes:     COMMON   BANK0
      Params:         0       0
      Locals:         0       2
      Temps:          0       3
      Totals:         0       5
Total ram usage:        5 bytes
 Hardware stack levels used:    1
 This function calls:
		Nothing
 This function is called by:
		_main
 This function uses a non-reentrant model


 *************** function _parada *****************
 Defined at:
		line 57 in file "pipower.c"
 Parameters:    Size  Location     Type
		None
 Auto vars:     Size  Location     Type
		None
 Return value:  Size  Location     Type
		None               void
 Registers used:
		None
 Tracked objects:
		On entry : 
		On exit  : 
		Unchanged: 
 Data sizes:     COMMON   BANK0
      Params:         0       0
      Locals:         0       0
      Temps:          0       0
      Totals:         0       0
Total ram usage:        0 bytes
 Hardware stack levels used:    1
 This function calls:
		Nothing
 This function is called by:
		_main
 This function uses a non-reentrant model


 *************** function _marcha *****************
 Defined at:
		line 67 in file "pipower.c"
 Parameters:    Size  Location     Type
		None
 Auto vars:     Size  Location     Type
		None
 Return value:  Size  Location     Type
		None               void
 Registers used:
		wreg
 Tracked objects:
		On entry : 
		On exit  : 
		Unchanged: 
 Data sizes:     COMMON   BANK0
      Params:         0       0
      Locals:         0       0
      Temps:          0       3
      Totals:         0       3
Total ram usage:        3 bytes
 Hardware stack levels used:    1
 This function calls:
		Nothing
 This function is called by:
		_main
 This function uses a non-reentrant model



MODULE INFORMATION

Module		Function		Class		Link	Load	Size
pipower.c
		_parada        		CODE           	039A	0000	9
		_main          		CODE           	03A2	0000	15
		_parant        		CODE           	03C6	0000	56
		_marcha        		CODE           	03B0	0000	23

pipower.c estimated size: 103

shared
		__initializatio		CODE           	03FD	0000	1

shared estimated size: 1

